npm : npm warn config optional Use `--omit=optional` to exclude optional dependencies, or
At line:1 char:1
+ npm run build > build_output.txt 2>&1; $LASTEXITCODE
+ ~~~~~~~~~~~~~~~~~~~~~~~~~~~~~~~~~~~~~
    + CategoryInfo          : NotSpecified: (npm warn config...ependencies, or:String) [], RemoteException
    + FullyQualifiedErrorId : NativeCommandError
 
npm warn config `--include=optional` to include them.
npm warn config
npm warn config       Default value does install optional deps unless otherwise omitted.

> novaops@3.1.0 build
> nuxt build

Γöî  [36mBuilding Nuxt for production...[39m
Γöé
ΓùÅ  [32mNuxt [1m3.21.1[22m[39m[90m (with [39m[90mNitro [1m2.13.1[22m[39m[90m, Vite [1m6.4.1[22m[39m[90m and Vue [1m3.5.29[22m[39m[90m)[39m
Γöé
ΓùÅ  Nitro preset: [36mnode-server[39m
[36mΓä╣[39m Building client...
[36mΓä╣[39m [36mvite v7.3.1 [32mbuilding client environment for production...[36m[39m
[36mΓä╣[39m transforming...
[36mΓä╣[39m [32mΓ£ô[39m 2484 modules transformed.
[36mΓä╣[39m rendering chunks...
[36mΓä╣[39m computing gzip size...
[36mΓä╣[39m [2m.nuxt/dist/client/[22m[32mmanifest.json                                      [39m[1m[2m   24.34 kB[22m[1m[22m[2m Γöé gzip:   3.50 kB[22m
[36mΓä╣[39m [2m.nuxt/dist/client/[22m[32massets/materialdesignicons-webfont.Dp5v-WZN.woff2  [39m[1m[2m  403.22 kB[22m[1m[22m
[36mΓä╣[39m [2m.nuxt/dist/client/[22m[32massets/materialdesignicons-webfont.PXm3-2wK.woff   [39m[1m[2m  587.98 kB[22m[1m[22m
[36mΓä╣[39m [2m.nuxt/dist/client/[22m[32massets/materialdesignicons-webfont.B7mPwVP_.ttf    [39m[1m[2m1,307.66 kB[22m[1m[22m
[36mΓä╣[39m [2m.nuxt/dist/client/[22m[32massets/materialdesignicons-webfont.CSr8KVlo.eot    [39m[1m[2m1,307.88 kB[22m[1m[22m
[36mΓä╣[39m [2m.nuxt/dist/client/[22m[35massets/calendar.Dw7Oj8jn.css                       [39m[1m[2m    0.20 kB[22m[1m[22m[2m Γöé gzip:   0.15 kB[22m
[36mΓä╣[39m [2m.nuxt/dist/client/[22m[35massets/import.Ug7ClN75.css                         [39m[1m[2m    0.34 kB[22m[1m[22m[2m Γöé gzip:   0.24 kB[22m
[36mΓä╣[39m [2m.nuxt/dist/client/[22m[35massets/barcodes.DyeRWUBI.css                       [39m[1m[2m    0.34 kB[22m[1m[22m[2m Γöé gzip:   0.24 kB[22m
[36mΓä╣[39m [2m.nuxt/dist/client/[22m[35massets/dashboard.DyUf1fZq.css                      [39m[1m[2m    0.42 kB[22m[1m[22m[2m Γöé gzip:   0.25 kB[22m
[36mΓä╣[39m [2m.nuxt/dist/client/[22m[35massets/lock.DGWDBCAY.css                           [39m[1m[2m    0.56 kB[22m[1m[22m[2m Γöé gzip:   0.26 kB[22m
[36mΓä╣[39m [2m.nuxt/dist/client/[22m[35massets/profile-setup.x62dEYfx.css                  [39m[1m[2m    0.97 kB[22m[1m[22m[2m Γöé gzip:   0.49 kB[22m
[36mΓä╣[39m [2m.nuxt/dist/client/[22m[35massets/analytics.2V7CYBrk.css                      [39m[1m[2m    1.15 kB[22m[1m[22m[2m Γöé gzip:   0.46 kB[22m
[36mΓä╣[39m [2m.nuxt/dist/client/[22m[35massets/inventory.CmPv0q0u.css                      [39m[1m[2m    1.59 kB[22m[1m[22m[2m Γöé gzip:   0.52 kB[22m
[36mΓä╣[39m [2m.nuxt/dist/client/[22m[35massets/tradein.Z9auO3RN.css                        [39m[1m[2m    1.61 kB[22m[1m[22m[2m Γöé gzip:   0.63 kB[22m
[36mΓä╣[39m [2m.nuxt/dist/client/[22m[35massets/login.bldu1t-_.css                          [39m[1m[2m    1.80 kB[22m[1m[22m[2m Γöé gzip:   0.58 kB[22m
[36mΓä╣[39m [2m.nuxt/dist/client/[22m[35massets/error-500.I1Dtv2V5.css                      [39m[1m[2m    1.88 kB[22m[1m[22m[2m Γöé gzip:   0.72 kB[22m
[36mΓä╣[39m [2m.nuxt/dist/client/[22m[35massets/forms.BGzkOM5W.css                          [39m[1m[2m    2.35 kB[22m[1m[22m[2m Γöé gzip:   0.71 kB[22m
[36mΓä╣[39m [2m.nuxt/dist/client/[22m[35massets/error-404.DL_4WIao.css                      [39m[1m[2m    3.53 kB[22m[1m[22m[2m Γöé gzip:   1.09 kB[22m
[36mΓä╣[39m [2m.nuxt/dist/client/[22m[35massets/register.BpEV5eer.css                       [39m[1m[2m    5.22 kB[22m[1m[22m[2m Γöé gzip:   1.31 kB[22m
[36mΓä╣[39m [2m.nuxt/dist/client/[22m[35massets/VCard.DeVKhesB.css                          [39m[1m[2m    6.66 kB[22m[1m[22m[2m Γöé gzip:   1.54 kB[22m
[36mΓä╣[39m [2m.nuxt/dist/client/[22m[35massets/VSelectionControl.BViXaQHL.css              [39m[1m[2m    6.88 kB[22m[1m[22m[2m Γöé gzip:   1.66 kB[22m
[36mΓä╣[39m [2m.nuxt/dist/client/[22m[35massets/useEmailNotifications.CuuYNq1h.css          [39m[1m[2m    7.28 kB[22m[1m[22m[2m Γöé gzip:   1.76 kB[22m
[36mΓä╣[39m [2m.nuxt/dist/client/[22m[35massets/settings.BiLJh77R.css                       [39m[1m[2m    8.15 kB[22m[1m[22m[2m Γöé gzip:   1.84 kB[22m
[36mΓä╣[39m [2m.nuxt/dist/client/[22m[35massets/messages.z9SUu2Kc.css                       [39m[1m[2m    9.02 kB[22m[1m[22m[2m Γöé gzip:   1.91 kB[22m
[36mΓä╣[39m [2m.nuxt/dist/client/[22m[35massets/default.BBbbmvGZ.css                        [39m[1m[2m    9.70 kB[22m[1m[22m[2m Γöé gzip:   2.18 kB[22m
[36mΓä╣[39m [2m.nuxt/dist/client/[22m[35massets/intro.DOH4Epq8.css                          [39m[1m[2m   10.47 kB[22m[1m[22m[2m Γöé gzip:   2.62 kB[22m
[36mΓä╣[39m [2m.nuxt/dist/client/[22m[35massets/display.BSJ79940.css                        [39m[1m[2m   14.16 kB[22m[1m[22m[2m Γöé gzip:   3.12 kB[22m
[36mΓä╣[39m [2m.nuxt/dist/client/[22m[35massets/pos.DP6KDxkv.css                            [39m[1m[2m   22.03 kB[22m[1m[22m[2m Γöé gzip:   4.05 kB[22m
[36mΓä╣[39m [2m.nuxt/dist/client/[22m[35massets/VDataTable.BGnxs7HU.css                     [39m[1m[2m   25.22 kB[22m[1m[22m[2m Γöé gzip:   3.93 kB[22m
[36mΓä╣[39m [2m.nuxt/dist/client/[22m[35massets/entry.D20uSWnf.css                          [39m[1m[2m  733.86 kB[22m[1m[22m[2m Γöé gzip: 104.42 kB[22m
[36mΓä╣[39m [2m.nuxt/dist/client/[22m[36massets/DlAUqK2U.js                                 [39m[1m[2m    0.09 kB[22m[1m[22m[2m Γöé gzip:   0.10 kB[22m
[36mΓä╣[39m [2m.nuxt/dist/client/[22m[36massets/DFgLg8JR.js                                 [39m[1m[2m    0.11 kB[22m[1m[22m[2m Γöé gzip:   0.13 kB[22m
[36mΓä╣[39m [2m.nuxt/dist/client/[22m[36massets/CqkleIqs.js                                 [39m[1m[2m    0.12 kB[22m[1m[22m[2m Γöé gzip:   0.13 kB[22m
[36mΓä╣[39m [2m.nuxt/dist/client/[22m[36massets/CZxXbgeV.js                                 [39m[1m[2m    0.14 kB[22m[1m[22m[2m Γöé gzip:   0.16 kB[22m
[36mΓä╣[39m [2m.nuxt/dist/client/[22m[36massets/DF0JCVJ7.js                                 [39m[1m[2m    0.14 kB[22m[1m[22m[2m Γöé gzip:   0.14 kB[22m
[36mΓä╣[39m [2m.nuxt/dist/client/[22m[36massets/6XXNGNNQ.js                                 [39m[1m[2m    0.15 kB[22m[1m[22m[2m Γöé gzip:   0.15 kB[22m
[36mΓä╣[39m [2m.nuxt/dist/client/[22m[36massets/BN9b9ntP.js                                 [39m[1m[2m    0.16 kB[22m[1m[22m[2m Γöé gzip:   0.16 kB[22m
[36mΓä╣[39m [2m.nuxt/dist/client/[22m[36massets/D9meBqXs.js                                 [39m[1m[2m    0.17 kB[22m[1m[22m[2m Γöé gzip:   0.17 kB[22m
[36mΓä╣[39m [2m.nuxt/dist/client/[22m[36massets/B7zZo2qd.js                                 [39m[1m[2m    0.18 kB[22m[1m[22m[2m Γöé gzip:   0.18 kB[22m
[36mΓä╣[39m [2m.nuxt/dist/client/[22m[36massets/PSqmy_QY.js                                 [39m[1m[2m    0.19 kB[22m[1m[22m[2m Γöé gzip:   0.18 kB[22m
[36mΓä╣[39m [2m.nuxt/dist/client/[22m[36massets/ZuZQpOGi.js                                 [39m[1m[2m    0.20 kB[22m[1m[22m[2m Γöé gzip:   0.18 kB[22m
[36mΓä╣[39m [2m.nuxt/dist/client/[22m[36massets/C2Gl3MTq.js                                 [39m[1m[2m    0.20 kB[22m[1m[22m[2m Γöé gzip:   0.18 kB[22m
[36mΓä╣[39m [2m.nuxt/dist/client/[22m[36massets/C50G0IJT.js                                 [39m[1m[2m    0.20 kB[22m[1m[22m[2m Γöé gzip:   0.18 kB[22m
[36mΓä╣[39m [2m.nuxt/dist/client/[22m[36massets/CgkgmoXR.js                                 [39m[1m[2m    0.21 kB[22m[1m[22m[2m Γöé gzip:   0.17 kB[22m
[36mΓä╣[39m [2m.nuxt/dist/client/[22m[36massets/BgFmjddI.js                                 [39m[1m[2m    0.21 kB[22m[1m[22m[2m Γöé gzip:   0.19 kB[22m
[36mΓä╣[39m [2m.nuxt/dist/client/[22m[36massets/BBCGfVpQ.js                                 [39m[1m[2m    0.24 kB[22m[1m[22m[2m Γöé gzip:   0.20 kB[22m
[36mΓä╣[39m [2m.nuxt/dist/client/[22m[36massets/r8y74ugj.js                                 [39m[1m[2m    0.24 kB[22m[1m[22m[2m Γöé gzip:   0.19 kB[22m
[36mΓä╣[39m [2m.nuxt/dist/client/[22m[36massets/BtCkYzqX.js                                 [39m[1m[2m    0.24 kB[22m[1m[22m[2m Γöé gzip:   0.19 kB[22m
[36mΓä╣[39m [2m.nuxt/dist/client/[22m[36massets/j_FAf6Yy.js                                 [39m[1m[2m    0.25 kB[22m[1m[22m[2m Γöé gzip:   0.19 kB[22m
[36mΓä╣[39m [2m.nuxt/dist/client/[22m[36massets/DP0aQMH8.js                                 [39m[1m[2m    0.25 kB[22m[1m[22m[2m Γöé gzip:   0.22 kB[22m
[36mΓä╣[39m [2m.nuxt/dist/client/[22m[36massets/BJvtYLRa.js                                 [39m[1m[2m    0.25 kB[22m[1m[22m[2m Γöé gzip:   0.22 kB[22m
[36mΓä╣[39m [2m.nuxt/dist/client/[22m[36massets/B3yOd4lB.js                                 [39m[1m[2m    0.25 kB[22m[1m[22m[2m Γöé gzip:   0.20 kB[22m
[36mΓä╣[39m [2m.nuxt/dist/client/[22m[36massets/BC2RrFid.js                                 [39m[1m[2m    0.26 kB[22m[1m[22m[2m Γöé gzip:   0.22 kB[22m
[36mΓä╣[39m [2m.nuxt/dist/client/[22m[36massets/dxOurmh7.js                                 [39m[1m[2m    0.26 kB[22m[1m[22m[2m Γöé gzip:   0.20 kB[22m
[36mΓä╣[39m [2m.nuxt/dist/client/[22m[36massets/8N2Ovj06.js                                 [39m[1m[2m    0.26 kB[22m[1m[22m[2m Γöé gzip:   0.20 kB[22m
[36mΓä╣[39m [2m.nuxt/dist/client/[22m[36massets/BhNlHB2e.js                                 [39m[1m[2m    0.26 kB[22m[1m[22m[2m Γöé gzip:   0.21 kB[22m
[36mΓä╣[39m [2m.nuxt/dist/client/[22m[36massets/CmZhKZwH.js                                 [39m[1m[2m    0.26 kB[22m[1m[22m[2m Γöé gzip:   0.17 kB[22m
[36mΓä╣[39m [2m.nuxt/dist/client/[22m[36massets/C_0agKip.js                                 [39m[1m[2m    0.26 kB[22m[1m[22m[2m Γöé gzip:   0.22 kB[22m
[36mΓä╣[39m [2m.nuxt/dist/client/[22m[36massets/BeBJVgjp.js                                 [39m[1m[2m    0.28 kB[22m[1m[22m[2m Γöé gzip:   0.20 kB[22m
[36mΓä╣[39m [2m.nuxt/dist/client/[22m[36massets/DPT-6Zkj.js                                 [39m[1m[2m    0.28 kB[22m[1m[22m[2m Γöé gzip:   0.23 kB[22m
[36mΓä╣[39m [2m.nuxt/dist/client/[22m[36massets/DP2o2oUt.js                                 [39m[1m[2m    0.29 kB[22m[1m[22m[2m Γöé gzip:   0.21 kB[22m
[36mΓä╣[39m [2m.nuxt/dist/client/[22m[36massets/LUr_bLEO.js                                 [39m[1m[2m    0.30 kB[22m[1m[22m[2m Γöé gzip:   0.23 kB[22m
[36mΓä╣[39m [2m.nuxt/dist/client/[22m[36massets/C9MddvC8.js                                 [39m[1m[2m    0.30 kB[22m[1m[22m[2m Γöé gzip:   0.22 kB[22m
[36mΓä╣[39m [2m.nuxt/dist/client/[22m[36massets/znwf-Syv.js                                 [39m[1m[2m    0.30 kB[22m[1m[22m[2m Γöé gzip:   0.23 kB[22m
[36mΓä╣[39m [2m.nuxt/dist/client/[22m[36massets/9avednwb.js                                 [39m[1m[2m    0.31 kB[22m[1m[22m[2m Γöé gzip:   0.25 kB[22m
[36mΓä╣[39m [2m.nuxt/dist/client/[22m[36massets/CrUozGwO.js                                 [39m[1m[2m    0.31 kB[22m[1m[22m[2m Γöé gzip:   0.24 kB[22m
[36mΓä╣[39m [2m.nuxt/dist/client/[22m[36massets/B4waRdBz.js                                 [39m[1m[2m    0.33 kB[22m[1m[22m[2m Γöé gzip:   0.21 kB[22m
[36mΓä╣[39m [2m.nuxt/dist/client/[22m[36massets/1TrXHWmv.js                                 [39m[1m[2m    0.33 kB[22m[1m[22m[2m Γöé gzip:   0.21 kB[22m
[36mΓä╣[39m [2m.nuxt/dist/client/[22m[36massets/Cv5UWCu-.js                                 [39m[1m[2m    0.35 kB[22m[1m[22m[2m Γöé gzip:   0.25 kB[22m
[36mΓä╣[39m [2m.nuxt/dist/client/[22m[36massets/BQT695Pk.js                                 [39m[1m[2m    0.36 kB[22m[1m[22m[2m Γöé gzip:   0.26 kB[22m
[36mΓä╣[39m [2m.nuxt/dist/client/[22m[36massets/CSdAJAnL.js                                 [39m[1m[2m    0.38 kB[22m[1m[22m[2m Γöé gzip:   0.25 kB[22m
[36mΓä╣[39m [2m.nuxt/dist/client/[22m[36massets/CB_bRjr0.js                                 [39m[1m[2m    0.49 kB[22m[1m[22m[2m Γöé gzip:   0.26 kB[22m
[36mΓä╣[39m [2m.nuxt/dist/client/[22m[36massets/Czg5axZ2.js                                 [39m[1m[2m    0.49 kB[22m[1m[22m[2m Γöé gzip:   0.30 kB[22m
[36mΓä╣[39m [2m.nuxt/dist/client/[22m[36massets/C8HA4rsw.js                                 [39m[1m[2m    0.53 kB[22m[1m[22m[2m Γöé gzip:   0.33 kB[22m
[36mΓä╣[39m [2m.nuxt/dist/client/[22m[36massets/ImbQP_Xl.js                                 [39m[1m[2m    0.54 kB[22m[1m[22m[2m Γöé gzip:   0.27 kB[22m
[36mΓä╣[39m [2m.nuxt/dist/client/[22m[36massets/BsFEMgAG.js                                 [39m[1m[2m    0.55 kB[22m[1m[22m[2m Γöé gzip:   0.37 kB[22m
[36mΓä╣[39m [2m.nuxt/dist/client/[22m[36massets/DlqqYmpz.js                                 [39m[1m[2m    0.61 kB[22m[1m[22m[2m Γöé gzip:   0.33 kB[22m
[36mΓä╣[39m [2m.nuxt/dist/client/[22m[36massets/BNTE_4gs.js                                 [39m[1m[2m    0.68 kB[22m[1m[22m[2m Γöé gzip:   0.45 kB[22m
[36mΓä╣[39m [2m.nuxt/dist/client/[22m[36massets/WT_87DPK.js                                 [39m[1m[2m    0.70 kB[22m[1m[22m[2m Γöé gzip:   0.39 kB[22m
[36mΓä╣[39m [2m.nuxt/dist/client/[22m[36massets/CGvhOEU4.js                                 [39m[1m[2m    0.71 kB[22m[1m[22m[2m Γöé gzip:   0.43 kB[22m
[36mΓä╣[39m [2m.nuxt/dist/client/[22m[36massets/GowLt8Kx.js                                 [39m[1m[2m    0.73 kB[22m[1m[22m[2m Γöé gzip:   0.41 kB[22m
[36mΓä╣[39m [2m.nuxt/dist/client/[22m[36massets/B0NYmAZY.js                                 [39m[1m[2m    0.78 kB[22m[1m[22m[2m Γöé gzip:   0.39 kB[22m
[36mΓä╣[39m [2m.nuxt/dist/client/[22m[36massets/D_WijpXd.js                                 [39m[1m[2m    1.41 kB[22m[1m[22m[2m Γöé gzip:   0.81 kB[22m
[36mΓä╣[39m [2m.nuxt/dist/client/[22m[36massets/DLih_ge0.js                                 [39m[1m[2m    1.80 kB[22m[1m[22m[2m Γöé gzip:   0.91 kB[22m
[36mΓä╣[39m [2m.nuxt/dist/client/[22m[36massets/BXw6qQi1.js                                 [39m[1m[2m    3.40 kB[22m[1m[22m[2m Γöé gzip:   1.54 kB[22m
[36mΓä╣[39m [2m.nuxt/dist/client/[22m[36massets/tm54ovV2.js                                 [39m[1m[2m    3.76 kB[22m[1m[22m[2m Γöé gzip:   1.71 kB[22m
[36mΓä╣[39m [2m.nuxt/dist/client/[22m[36massets/7PPN7gc9.js                                 [39m[1m[2m    4.77 kB[22m[1m[22m[2m Γöé gzip:   2.08 kB[22m
[36mΓä╣[39m [2m.nuxt/dist/client/[22m[36massets/CNvfntt8.js                                 [39m[1m[2m    5.20 kB[22m[1m[22m[2m Γöé gzip:   1.84 kB[22m
[36mΓä╣[39m [2m.nuxt/dist/client/[22m[36massets/BADEl5SQ.js                                 [39m[1m[2m    5.20 kB[22m[1m[22m[2m Γöé gzip:   2.15 kB[22m
[36mΓä╣[39m [2m.nuxt/dist/client/[22m[36massets/BsxoxYE0.js                                 [39m[1m[2m    5.30 kB[22m[1m[22m[2m Γöé gzip:   2.10 kB[22m
[36mΓä╣[39m [2m.nuxt/dist/client/[22m[36massets/CSV6AEP-.js                                 [39m[1m[2m    5.74 kB[22m[1m[22m[2m Γöé gzip:   2.54 kB[22m
[36mΓä╣[39m [2m.nuxt/dist/client/[22m[36massets/BkcUXBSc.js                                 [39m[1m[2m    7.64 kB[22m[1m[22m[2m Γöé gzip:   2.83 kB[22m
[36mΓä╣[39m [2m.nuxt/dist/client/[22m[36massets/DcFDL1Ob.js                                 [39m[1m[2m    8.92 kB[22m[1m[22m[2m Γöé gzip:   3.57 kB[22m
[36mΓä╣[39m [2m.nuxt/dist/client/[22m[36massets/CyfzjHdV.js                                 [39m[1m[2m   10.37 kB[22m[1m[22m[2m Γöé gzip:   3.76 kB[22m
[36mΓä╣[39m [2m.nuxt/dist/client/[22m[36massets/D21XPgd0.js                                 [39m[1m[2m   11.80 kB[22m[1m[22m[2m Γöé gzip:   3.59 kB[22m
[36mΓä╣[39m [2m.nuxt/dist/client/[22m[36massets/D_qw9XoK.js                                 [39m[1m[2m   12.49 kB[22m[1m[22m[2m Γöé gzip:   4.52 kB[22m
[36mΓä╣[39m [2m.nuxt/dist/client/[22m[36massets/DVBwkdS_.js                                 [39m[1m[2m   12.61 kB[22m[1m[22m[2m Γöé gzip:   4.30 kB[22m
[36mΓä╣[39m [2m.nuxt/dist/client/[22m[36massets/Bg0A3pEY.js                                 [39m[1m[2m   13.26 kB[22m[1m[22m[2m Γöé gzip:   5.40 kB[22m
[36mΓä╣[39m [2m.nuxt/dist/client/[22m[36massets/6B3PoI2K.js                                 [39m[1m[2m   13.52 kB[22m[1m[22m[2m Γöé gzip:   4.59 kB[22m
[36mΓä╣[39m [2m.nuxt/dist/client/[22m[36massets/CFH4Q4YG.js                                 [39m[1m[2m   14.64 kB[22m[1m[22m[2m Γöé gzip:   4.25 kB[22m
[36mΓä╣[39m [2m.nuxt/dist/client/[22m[36massets/DibWUDUl.js                                 [39m[1m[2m   17.73 kB[22m[1m[22m[2m Γöé gzip:   5.33 kB[22m
[36mΓä╣[39m [2m.nuxt/dist/client/[22m[36massets/DW_m6Ton.js                                 [39m[1m[2m   18.79 kB[22m[1m[22m[2m Γöé gzip:   6.00 kB[22m
[36mΓä╣[39m [2m.nuxt/dist/client/[22m[36massets/7hCoVQuk.js                                 [39m[1m[2m   25.17 kB[22m[1m[22m[2m Γöé gzip:   9.02 kB[22m
[36mΓä╣[39m [2m.nuxt/dist/client/[22m[36massets/BTKo1KpG.js                                 [39m[1m[2m   25.77 kB[22m[1m[22m[2m Γöé gzip:  10.13 kB[22m
[36mΓä╣[39m [2m.nuxt/dist/client/[22m[36massets/DLjNqgbn.js                                 [39m[1m[2m   28.40 kB[22m[1m[22m[2m Γöé gzip:   7.93 kB[22m
[36mΓä╣[39m [2m.nuxt/dist/client/[22m[36massets/CoVxWzyi.js                                 [39m[1m[2m   31.69 kB[22m[1m[22m[2m Γöé gzip:   8.85 kB[22m
[36mΓä╣[39m [2m.nuxt/dist/client/[22m[36massets/Eb_irNOE.js                                 [39m[1m[2m   35.24 kB[22m[1m[22m[2m Γöé gzip:  11.59 kB[22m
[36mΓä╣[39m [2m.nuxt/dist/client/[22m[36massets/jhd97gQV.js                                 [39m[1m[2m   38.33 kB[22m[1m[22m[2m Γöé gzip:   9.60 kB[22m
[36mΓä╣[39m [2m.nuxt/dist/client/[22m[36massets/Cc_UxrPp.js                                 [39m[1m[2m   40.64 kB[22m[1m[22m[2m Γöé gzip:  13.46 kB[22m
[36mΓä╣[39m [2m.nuxt/dist/client/[22m[36massets/C6IvdQIA.js                                 [39m[1m[2m   41.53 kB[22m[1m[22m[2m Γöé gzip:  11.39 kB[22m
[36mΓä╣[39m [2m.nuxt/dist/client/[22m[36massets/CxMTsVK7.js                                 [39m[1m[2m   42.63 kB[22m[1m[22m[2m Γöé gzip:  13.16 kB[22m
[36mΓä╣[39m [2m.nuxt/dist/client/[22m[36massets/C03LsZu8.js                                 [39m[1m[2m   53.02 kB[22m[1m[22m[2m Γöé gzip:  15.00 kB[22m
[36mΓä╣[39m [2m.nuxt/dist/client/[22m[36massets/C8TKnTXU.js                                 [39m[1m[2m   61.80 kB[22m[1m[22m[2m Γöé gzip:  15.86 kB[22m
[36mΓä╣[39m [2m.nuxt/dist/client/[22m[36massets/CPx9hayu.js                                 [39m[1m[2m   63.27 kB[22m[1m[22m[2m Γöé gzip:  20.77 kB[22m
[36mΓä╣[39m [2m.nuxt/dist/client/[22m[36massets/CkU8BECB.js                                 [39m[1m[2m   65.04 kB[22m[1m[22m[2m Γöé gzip:  15.48 kB[22m
[36mΓä╣[39m [2m.nuxt/dist/client/[22m[36massets/DIEZ4jo_.js                                 [39m[1m[2m   68.46 kB[22m[1m[22m[2m Γöé gzip:  14.74 kB[22m
[36mΓä╣[39m [2m.nuxt/dist/client/[22m[36massets/CUtQ32eP.js                                 [39m[1m[33m  693.01 kB[39m[22m[2m Γöé gzip: 223.43 kB[22m

[43m[30m WARN [39m[49m [33m
(!) Some chunks are larger than 500 kB after minification. Consider:
- Using dynamic import() to code-split the application
- Use build.rollupOptions.output.manualChunks to improve chunking: 
https://rollupjs.org/configuration-options/#output-manualchunks
- Adjust chunk size limit for this warning via build.chunkSizeWarningLimit.[39m

[36mΓä╣[39m [32mΓ£ô built in 26.37s[39m
[32mΓ£ö[39m Client built in 26418ms
[36mΓä╣[39m Building server...
[36mΓä╣[39m [36mvite v7.3.1 [32mbuilding ssr environment for production...[36m[39m
[36mΓä╣[39m transforming...
[36mΓä╣[39m [32mΓ£ô[39m 1 modules transformed.
[36mΓä╣[39m rendering chunks...
[36mΓä╣[39m [32mΓ£ô built in 27ms[39m
[32mΓ£ö[39m Server built in 65ms
[90m[[90mnitro[90m][39m [32mΓ£ö[39m Generated public [36m.output/public[39m
[90m[[90mnitro[90m][39m [36mΓä╣[39m Building Nuxt Nitro server (preset: [36mnode-server[39m, compatibility date: [36m2024-10-24[39m)
(node:16468) [DEP0155] DeprecationWarning: Use of deprecated trailing slash pattern mapping "./" in the 
"exports" field module resolution of the package at 
C:\Users\FrontDesk\Documents\GitHub\novaops-updated\node_modules\@vue\shared\package.json imported from C:\Use
rs\FrontDesk\Documents\GitHub\novaops-updated\node_modules\@nuxt\nitro-server\dist\runtime\templates\error-500
.mjs. Mapping specifiers ending in "/" is no longer supported.
(Use `node --trace-deprecation ...` to show where the warning was created)
[90m[[90mnitro[90m][39m [32mΓ£ö[39m Nuxt Nitro server built
[90m  Γö£ΓöÇ .output/server/chunks/_/error-500.mjs (4.9 kB)[39m[90m (2.06 kB gzip)[39m
[90m  Γö£ΓöÇ .output/server/chunks/_/error-500.mjs.map (182 B)[39m[90m (154 B gzip)[39m
[90m  Γö£ΓöÇ .output/server/chunks/_/nitro.mjs (185 kB)[39m[90m (45.5 kB gzip)[39m
[90m  Γö£ΓöÇ .output/server/chunks/_/nitro.mjs.map (2.74 kB)[39m[90m (698 B gzip)[39m
[90m  Γö£ΓöÇ .output/server/chunks/_/squareClient.mjs (2.07 kB)[39m[90m (899 B gzip)[39m
[90m  Γö£ΓöÇ .output/server/chunks/_/squareClient.mjs.map (2.06 kB)[39m[90m (478 B gzip)[39m
[90m  Γö£ΓöÇ .output/server/chunks/build/client.precomputed.mjs (78.5 kB)[39m[90m (7.42 kB gzip)[39m
[90m  Γö£ΓöÇ .output/server/chunks/build/client.precomputed.mjs.map (74.9 kB)[39m[90m (2.36 kB gzip)[39m
[90m  Γö£ΓöÇ .output/server/chunks/routes/api/afterpay/checkout.post.mjs (921 B)[39m[90m (495 B gzip)[39m
[90m  Γö£ΓöÇ .output/server/chunks/routes/api/afterpay/checkout.post.mjs.map (701 B)[39m[90m (270 B gzip)[39m
[90m  Γö£ΓöÇ .output/server/chunks/routes/api/afterpay/process.post.mjs (1.75 kB)[39m[90m (777 B gzip)[39m
[90m  Γö£ΓöÇ .output/server/chunks/routes/api/afterpay/process.post.mjs.map (1.47 kB)[39m[90m (399 B gzip)[39m
[90m  Γö£ΓöÇ .output/server/chunks/routes/api/fetch-emails.get.mjs (6.71 kB)[39m[90m (2.28 kB gzip)[39m
[90m  Γö£ΓöÇ .output/server/chunks/routes/api/fetch-emails.get.mjs.map (6.72 kB)[39m[90m (1.21 kB gzip)[39m
[90m  Γö£ΓöÇ .output/server/chunks/routes/api/send-email.post.mjs (6.26 kB)[39m[90m (2.07 kB gzip)[39m
[90m  Γö£ΓöÇ .output/server/chunks/routes/api/send-email.post.mjs.map (5.39 kB)[39m[90m (1.04 kB gzip)[39m
[90m  Γö£ΓöÇ .output/server/chunks/routes/api/square/connection-test.get.mjs (922 B)[39m[90m (456 B gzip)[39m
[90m  Γö£ΓöÇ .output/server/chunks/routes/api/square/connection-test.get.mjs.map (609 B)[39m[90m (254 B gzip)[39m
[90m  Γö£ΓöÇ .output/server/chunks/routes/api/square/customers.get.mjs (1.28 kB)[39m[90m (625 B gzip)[39m
[90m  Γö£ΓöÇ .output/server/chunks/routes/api/square/customers.get.mjs.map (1.09 kB)[39m[90m (339 B gzip)[39m
[90m  Γö£ΓöÇ .output/server/chunks/routes/api/square/device-status.get.mjs (1.14 kB)[39m[90m (512 B gzip)[39m
[90m  Γö£ΓöÇ .output/server/chunks/routes/api/square/device-status.get.mjs.map (850 B)[39m[90m (283 B gzip)[39m
[90m  Γö£ΓöÇ .output/server/chunks/routes/api/square/orders.get.mjs (2.41 kB)[39m[90m (924 B gzip)[39m
[90m  Γö£ΓöÇ .output/server/chunks/routes/api/square/orders.get.mjs.map (2.32 kB)[39m[90m (504 B gzip)[39m
[90m  Γö£ΓöÇ .output/server/chunks/routes/api/square/pair-device.post.mjs (1.25 kB)[39m[90m (589 B gzip)[39m
[90m  Γö£ΓöÇ .output/server/chunks/routes/api/square/pair-device.post.mjs.map (969 B)[39m[90m (307 B gzip)[39m
[90m  Γö£ΓöÇ .output/server/chunks/routes/api/square/payment-readiness.get.mjs (2.42 kB)[39m[90m (958 B gzip)[39m
[90m  Γö£ΓöÇ .output/server/chunks/routes/api/square/payment-readiness.get.mjs.map (2.37 kB)[39m[90m (503 B gzip)[39m
[90m  Γö£ΓöÇ .output/server/chunks/routes/api/square/payment.post.mjs (7.33 kB)[39m[90m (2.12 kB gzip)[39m
[90m  Γö£ΓöÇ .output/server/chunks/routes/api/square/payment.post.mjs.map (7.22 kB)[39m[90m (1.83 kB gzip)[39m
[90m  Γö£ΓöÇ .output/server/chunks/routes/api/square/payments.get.mjs (2.38 kB)[39m[90m (957 B gzip)[39m
[90m  Γö£ΓöÇ .output/server/chunks/routes/api/square/payments.get.mjs.map (2.23 kB)[39m[90m (508 B gzip)[39m
[90m  Γö£ΓöÇ .output/server/chunks/routes/api/square/payouts.get.mjs (1.55 kB)[39m[90m (730 B gzip)[39m
[90m  Γö£ΓöÇ .output/server/chunks/routes/api/square/payouts.get.mjs.map (1.32 kB)[39m[90m (380 B gzip)[39m
[90m  Γö£ΓöÇ .output/server/chunks/routes/api/square/terminal-status.get.mjs (1.13 kB)[39m[90m (502 B gzip)[39m
[90m  Γö£ΓöÇ .output/server/chunks/routes/api/square/terminal-status.get.mjs.map (836 B)[39m[90m (290 B gzip)[39m
[90m  Γö£ΓöÇ .output/server/chunks/routes/api/square/terminal.post.mjs (1.73 kB)[39m[90m (761 B gzip)[39m
[90m  Γö£ΓöÇ .output/server/chunks/routes/api/square/terminal.post.mjs.map (1.35 kB)[39m[90m (380 B gzip)[39m
[90m  Γö£ΓöÇ .output/server/chunks/routes/api/trade-in/lookup.post.mjs (13.6 kB)[39m[90m (3.94 kB gzip)[39m
[90m  Γö£ΓöÇ .output/server/chunks/routes/api/trade-in/lookup.post.mjs.map (12.9 kB)[39m[90m (1.75 kB gzip)[39m
[90m  Γö£ΓöÇ .output/server/chunks/routes/renderer.mjs (13.5 kB)[39m[90m (4.51 kB gzip)[39m
[90m  Γö£ΓöÇ .output/server/chunks/routes/renderer.mjs.map (717 B)[39m[90m (249 B gzip)[39m
[90m  Γö£ΓöÇ .output/server/chunks/virtual/_virtual_spa-template.mjs (94 B)[39m[90m (100 B gzip)[39m
[90m  Γö£ΓöÇ .output/server/chunks/virtual/_virtual_spa-template.mjs.map (90 B)[39m[90m (98 B gzip)[39m
[90m  Γö£ΓöÇ .output/server/index.mjs (1.67 kB)[39m[90m (737 B gzip)[39m
[90m  ΓööΓöÇ .output/server/package.json (962 B)[39m[90m (370 B gzip)[39m
[36m╬ú Total size:[39m 3 MB (692 kB gzip)
[90m[[90mnitro[90m][39m [32mΓ£ö[39m You can preview this build using [36mnode .output/server/index.mjs[39m
Γöé
Γöö  Γ£¿ Build complete!
